[thetav.online/html/mat/default/indexdd7a.html]
[backblue.gif]
[fade.gif]
[index.html]
[thetav.online/html/mat/default/favicon.ico]
[thetav.online/html/mat/default/css/bootstrap.css]
[thetav.online/html/mat/default/css/reset.css]
[thetav.online/html/mat/default/cubeportfolio/css/cubeportfolio.min.css]
[thetav.online/html/mat/default/css/owl.theme.css]
[thetav.online/html/mat/default/css/owl.carousel.css]
[thetav.online/html/mat/default/css/style.css]
[thetav.online/html/mat/default/css/colors/yellow.css]
[thetav.online/html/mat/default/icon-fonts/font-awesome-4.7.0/css/font-awesome.min.css]
[thetav.online/html/mat/default/icon-fonts/web-design/flaticon.css]
[thetav.online/html/mat/default/images/profile.jpg]
[thetav.online/html/mat/default/images/client-01.jpg]
[thetav.online/html/mat/default/images/client-02.jpg]
[thetav.online/html/mat/default/images/client-03.jpg]
[thetav.online/html/mat/default/images/client-04.jpg]
[thetav.online/html/mat/default/images/testimonial-1.jpg]
[thetav.online/html/mat/default/images/testimonial-2.jpg]
[thetav.online/html/mat/default/images/testimonial-3.jpg]
[thetav.online/html/mat/default/portfolio-detail/work-01.html]
[thetav.online/html/mat/default/images/works/work-01.jpg]
[thetav.online/html/mat/default/images/works/work-02.jpg]
[thetav.online/html/mat/default/images/works/work-06.jpg]
[thetav.online/html/mat/default/portfolio-detail/work-02.html]
[thetav.online/html/mat/default/images/works/work-03.jpg]
[thetav.online/html/mat/default/images/works/work-04.jpg]
[thetav.online/html/mat/default/images/works/work-05.jpg]
[thetav.online/html/mat/default/images/works/work-07.jpg]
[thetav.online/html/mat/default/images/works/work-08.jpg]
[thetav.online/html/mat/default/images/works/work-09.jpg]
[thetav.online/html/mat/default/load-more/portfolio.html]
[thetav.online/html/mat/default/blog-posts/blog-1.html]
[thetav.online/html/mat/default/images/blogs/blog-6.jpg]
[thetav.online/html/mat/default/blog-posts/blog-video-version.html]
[thetav.online/html/mat/default/images/blogs/blog-2.jpg]
[thetav.online/html/mat/default/blog-posts/blog-music-version.html]
[thetav.online/html/mat/default/images/blogs/blog-3.jpg]
[thetav.online/html/mat/default/images/blogs/blog-4.jpg]
[thetav.online/html/mat/default/images/blogs/blog-5.jpg]
[thetav.online/html/mat/default/load-more/blog-posts.html]
[thetav.online/html/mat/default/js/jquery-2.1.4.min.js]
[thetav.online/html/mat/default/cubeportfolio/js/jquery.cubeportfolio.min.js]
[thetav.online/html/mat/default/js/bootstrap.min.js]
[thetav.online/html/mat/default/js/jquery.easytabs.min.js]
[thetav.online/html/mat/default/js/owl.carousel.min.js]
[thetav.online/html/mat/default/js/main.js]
[thetav.online/html/mat/default/js/jquery.cookie-1.4.1.min.js]
[thetav.online/html/mat/default/js/Demo.js]
[thetav.online/html/mat/default/css/Demo.min.css]
[thetav.online/html/mat/default/indexdd7a.html]
[thetav.online/html/mat/default/css/bootstrap.css]
[thetav.online/html/mat/default/css/reset.css]
[thetav.online/html/mat/default/cubeportfolio/img/cbp-sprite.png]
[thetav.online/html/mat/default/cubeportfolio/css/cubeportfolio.min.css]
[thetav.online/html/mat/default/css/owl.theme.css]
[thetav.online/html/mat/default/css/owl.carousel.css]
[thetav.online/html/mat/default/images/bg.png]
[thetav.online/html/mat/default/images/glasses-w.png]
[thetav.online/html/mat/default/images/sprite.png]
[thetav.online/html/mat/default/css/style.css]
[thetav.online/html/mat/default/images/glasses.png]
[thetav.online/html/mat/default/css/colors/yellow.css]
[thetav.online/html/mat/default/icon-fonts/font-awesome-4.7.0/fonts/fontawesome-webfont3e6e.eot]
[thetav.online/html/mat/default/icon-fonts/font-awesome-4.7.0/fonts/fontawesome-webfontd41d.eot]
[thetav.online/html/mat/default/icon-fonts/font-awesome-4.7.0/fonts/fontawesome-webfont3e6e.woff2]
[thetav.online/html/mat/default/icon-fonts/font-awesome-4.7.0/fonts/fontawesome-webfont3e6e.woff]
[thetav.online/html/mat/default/icon-fonts/font-awesome-4.7.0/fonts/fontawesome-webfont3e6e.ttf]
[thetav.online/html/mat/default/icon-fonts/font-awesome-4.7.0/css/font-awesome.min.css]
[thetav.online/html/mat/default/icon-fonts/web-design/Flaticon.eot]
[thetav.online/html/mat/default/icon-fonts/web-design/Flaticond41d.eot]
[thetav.online/html/mat/default/icon-fonts/web-design/Flaticon.woff]
[thetav.online/html/mat/default/icon-fonts/web-design/Flaticon.ttf]
[thetav.online/html/mat/default/icon-fonts/web-design/flaticon.css]
[thetav.online/html/mat/default/portfolio-detail/work-01.html]
[thetav.online/html/mat/default/portfolio-detail/work-02.html]
[thetav.online/html/mat/default/load-more/portfolio.html]
[thetav.online/html/mat/default/index.html]
[thetav.online/html/mat/default/images/blogs/blog-1.jpg]
[thetav.online/html/mat/default/images/person.jpg]
[thetav.online/html/mat/default/images/image.jpg]
[thetav.online/html/mat/default/js/subpage-demo.js]
[thetav.online/html/mat/default/blog-posts/blog-1.html]
[thetav.online/html/mat/default/blog-posts/blog-video-version.html]
[thetav.online/html/mat/default/blog-posts/blog-music-version.html]
[thetav.online/html/mat/default/load-more/blog-posts.html]
[thetav.online/html/mat/default/css/Demo.min.css]
[thetav.online/html/mat/default/fonts/glyphicons-halflings-regular.html]
[thetav.online/html/mat/default/fonts/glyphicons-halflings-regulard41d.html]
[thetav.online/html/mat/default/fonts/glyphicons-halflings-regular-2.html]
[thetav.online/html/mat/default/fonts/glyphicons-halflings-regular-3.html]
[thetav.online/html/mat/default/fonts/glyphicons-halflings-regular-4.html]
[thetav.online/html/mat/default/fonts/glyphicons-halflings-regular-5.html]
[thetav.online/html/mat/default/css/AjaxLoader.html]
[thetav.online/html/mat/default/icon-fonts/font-awesome-4.7.0/fonts/fontawesome-webfont3e6e.svg]
[thetav.online/html/mat/default/icon-fonts/web-design/Flaticon.svg]
[thetav.online/html/mat/default/portfolio-detail/images/portfolio-content/image-1.html]
[thetav.online/html/mat/default/portfolio-detail/images/portfolio-content/image-2.html]
[thetav.online/html/mat/default/portfolio-detail/images/portfolio-content/image-3.html]
[thetav.online/html/mat/default/portfolio-detail/images/portfolio-content/image-4.html]
[thetav.online/html/mat/default/load-more/about.html]
[thetav.online/html/mat/default/load-more/images/works/work-07.html]
[thetav.online/html/mat/default/load-more/images/works/work-08.html]
[thetav.online/html/mat/default/load-more/images/works/work-09.html]
[thetav.online/html/mat/default/blog-posts/favicon.html]
[thetav.online/html/mat/default/index.html]
[thetav.online/html/mat/default/load-more/blog-posts/blog-1.html]
[thetav.online/html/mat/default/load-more/images/blogs/blog-4.html]
[thetav.online/html/mat/default/load-more/images/blogs/blog-5.html]
[thetav.online/html/mat/default/load-more/images/blogs/blog-6.html]
[thetav.online/html/mat/default/images/spinner.jpg]
